// Jest Snapshot v1, https://goo.gl/fbAQLP

exports[`matches snapshot 1`] = `
<div
  data-testid="todo-1"
>
  <strike>
    <h1>
      todo-
      Hello World
    </h1>
  </strike>
</div>
`;
